{
  "extractedSites": [
    {
      "siteName": "Kentish Flats and Kentish Flats Extension",
      "extractedCoordinates": [
        [1.0233333333333334, 51.46906666666667, 0],
        [1.0649166666666667, 51.436083333333336, 0],
        [1.1508666666666667, 51.44465, 0],
        [1.10945, 51.47773333333333, 0],
        [1.0233333333333334, 51.46906666666667, 0]
      ],
      "geometryType": "Polygon"
    },
    {
      "siteName": "Thanet Offshore Wind Farm",
      "extractedCoordinates": [
        [1.5686166666666668, 51.44065, 0],
        [1.6247666666666667, 51.401783333333334, 0],
        [1.6717166666666667, 51.3993, 0],
        [1.6872, 51.4033, 0],
        [1.6879166666666667, 51.42575, 0],
        [1.6379, 51.460433333333334, 0],
        [1.6209333333333333, 51.46131666666667, 0],
        [1.6050333333333333, 51.46215, 0],
        [1.59275, 51.45896666666667, 0],
        [1.5765166666666666, 51.4498, 0],
        [1.5686166666666668, 51.44065, 0]
      ],
      "geometryType": "Polygon"
    }
  ],
  "description": "Multi-site KML file with 2 offshore wind farm sites in Thames Estuary area"
}
