{
  "extractedSites": [
    {
      "siteName": "Site 1",
      "extractedCoordinates": [
        [1.6284157546554894, 52.23759846982049],
        [1.6282675421984352, 52.23726687168712],
        [1.6291517667282598, 52.23705819074145],
        [1.6292970768352808, 52.23735417884111],
        [1.628410678960097, 52.23759565116425]
      ],
      "geometryType": "LineString"
    },
    {
      "siteName": "Site 2",
      "extractedCoordinates": [
        [1.6096117990976233, 52.1678686825681],
        [1.6095341380163704, 52.16774611724207],
        [1.609885246126368, 52.167660989220245],
        [1.609958803416291, 52.16779260465744],
        [1.609610012974624, 52.16787052220535]
      ],
      "geometryType": "LineString"
    },
    {
      "siteName": "Site 3",
      "extractedCoordinates": [
        [1.3890194762820705, 51.98086171066518],
        [1.3829332112719828, 51.97630106775375],
        [1.3838622751776053, 51.97584598445269],
        [1.3900312485502069, 51.980225711300136],
        [1.3890002484365713, 51.98086226453486]
      ],
      "geometryType": "LineString"
    },
    {
      "siteName": "Site 4",
      "extractedCoordinates": [
        [1.391423403021677, 51.989591765757694],
        [1.3890954800560156, 51.983780730341756],
        [1.3899536102544048, 51.98366081609864],
        [1.3923795902861513, 51.98949280664955],
        [1.39138314421904, 51.98956912813729]
      ],
      "geometryType": "LineString"
    },
    {
      "siteName": "Site 5",
      "extractedCoordinates": [
        [1.5986630013109462, 52.139913908062084],
        [1.5993826166929939, 52.13984432440361],
        [1.5982812122473182, 52.13626053461891],
        [1.5970292666649013, 52.13392482711445],
        [1.596122911819585, 52.13203668656392],
        [1.5954197284300085, 52.13074921100251],
        [1.5947021646949484, 52.13084250849524],
        [1.5953911477644915, 52.13243385792204],
        [1.5960261666519364, 52.13365499277757],
        [1.5966655656639208, 52.13487004099598],
        [1.5974666719923802, 52.136291363137516],
        [1.5980262845373028, 52.13759511231342],
        [1.5986673453781755, 52.139907825621364]
      ],
      "geometryType": "LineString"
    },
    {
      "siteName": "Site 6",
      "extractedCoordinates": [
        [1.6862076675903137, 52.33366242654051],
        [1.6874059045554368, 52.333589290059535],
        [1.6877342552798311, 52.337065589744],
        [1.6865493718292195, 52.337066914066],
        [1.6862464160782153, 52.333661216067824]
      ],
      "geometryType": "LineString"
    },
    {
      "siteName": "Site 7",
      "extractedCoordinates": [
        [1.333488427963183, 51.94626960763471],
        [1.3342331961152953, 51.94592722722229],
        [1.3292184782868377, 51.941654785539406],
        [1.3278274707921998, 51.94029008157034],
        [1.3271440894977846, 51.93977099053317],
        [1.326272543567838, 51.94015558364375],
        [1.3282124030004485, 51.94158806795781],
        [1.328736668551831, 51.9420897820311],
        [1.3293832189757593, 51.942630729901126],
        [1.3315498017038332, 51.94458624398117],
        [1.3335037245481494, 51.94626812274346]
      ],
      "geometryType": "LineString"
    }
  ],
  "description": "Suffolk MMO shapefile with 7 coastal sites - LineString geometries representing marine boundaries"
}
