{
  "extractedCoordinates": [
    [1.0051985206716836, 51.59898068311881],
    [0.9802178373144557, 51.59898068311881],
    [0.9802178373144557, 51.55377622270828],
    [1.0051985206716836, 51.55377622270828],
    [1.0051985206716836, 51.59898068311881]
  ],
  "description": "Simple rectangular polygon in Thames Estuary area - single site test data"
}
